
Enter Data Filename: 
Error: data file  not found